Release 14.7 Map P.20131013 (nt)
Xilinx Map Application Log File for Design 'pipeline'

Design Information
------------------
Command Line   : map -intstyle ise -p xc6slx16-csg324-3 -w -logic_opt off -ol
high -t 1 -xt 0 -register_duplication off -r 4 -global_opt off -mt off -ir off
-pr off -lc off -power off -o pipeline_map.ncd pipeline.ngd pipeline.pcf 
Target Device  : xc6slx16
Target Package : csg324
Target Speed   : -3
Mapper Version : spartan6 -- $Revision: 1.55 $
Mapped Date    : Thu Feb 05 16:28:29 2015

Mapping design into LUTs...
ERROR:MapLib:979 - LUT3 symbol "callDebugUnit/callUartTx/Mmux_b_next11" (output
   signal=callDebugUnit/callUartTx/b_next<0>) has input signal
   "callDebugUnit/arrayTx<0>" which will be trimmed. See Section 5 of the Map
   Report File for details about why the input signal will become undriven.
ERROR:MapLib:979 - LUT3 symbol "callDebugUnit/callUartTx/Mmux_b_next21" (output
   signal=callDebugUnit/callUartTx/b_next<1>) has input signal
   "callDebugUnit/arrayTx<1>" which will be trimmed. See Section 5 of the Map
   Report File for details about why the input signal will become undriven.
ERROR:MapLib:979 - LUT3 symbol "callDebugUnit/callUartTx/Mmux_b_next31" (output
   signal=callDebugUnit/callUartTx/b_next<2>) has input signal
   "callDebugUnit/arrayTx<2>" which will be trimmed. See Section 5 of the Map
   Report File for details about why the input signal will become undriven.
ERROR:MapLib:979 - LUT3 symbol "callDebugUnit/callUartTx/Mmux_b_next41" (output
   signal=callDebugUnit/callUartTx/b_next<3>) has input signal
   "callDebugUnit/arrayTx<3>" which will be trimmed. See Section 5 of the Map
   Report File for details about why the input signal will become undriven.
ERROR:MapLib:979 - LUT3 symbol "callDebugUnit/callUartTx/Mmux_b_next51" (output
   signal=callDebugUnit/callUartTx/b_next<4>) has input signal
   "callDebugUnit/arrayTx<4>" which will be trimmed. See Section 5 of the Map
   Report File for details about why the input signal will become undriven.
ERROR:MapLib:979 - LUT3 symbol "callDebugUnit/callUartTx/Mmux_b_next61" (output
   signal=callDebugUnit/callUartTx/b_next<5>) has input signal
   "callDebugUnit/arrayTx<5>" which will be trimmed. See Section 5 of the Map
   Report File for details about why the input signal will become undriven.
ERROR:MapLib:979 - LUT3 symbol "callDebugUnit/callUartTx/Mmux_b_next71" (output
   signal=callDebugUnit/callUartTx/b_next<6>) has input signal
   "callDebugUnit/arrayTx<6>" which will be trimmed. See Section 5 of the Map
   Report File for details about why the input signal will become undriven.
ERROR:MapLib:979 - LUT2 symbol "callDebugUnit/callUartTx/Mmux_b_next81" (output
   signal=callDebugUnit/callUartTx/b_next<7>) has input signal
   "callDebugUnit/arrayTx<7>" which will be trimmed. See Section 5 of the Map
   Report File for details about why the input signal will become undriven.
ERROR:MapLib:979 - LUT6 symbol "callDebugUnit/callUartTx/Mmux_s_next11" (output
   signal=callDebugUnit/callUartTx/s_next<0>) has input signal
   "callDebugUnit/WEUart" which will be trimmed. See Section 5 of the Map Report
   File for details about why the input signal will become undriven.
ERROR:MapLib:979 - LUT5 symbol "callDebugUnit/callUartTx/Mmux_s_next111" (output
   signal=callDebugUnit/callUartTx/Mmux_s_next11) has input signal
   "callDebugUnit/WEUart" which will be trimmed. See Section 5 of the Map Report
   File for details about why the input signal will become undriven.
ERROR:MapLib:979 - LUT6 symbol "callDebugUnit/callUartTx/Mmux_state_next11"
   (output signal=callDebugUnit/callUartTx/state_next<0>) has input signal
   "callDebugUnit/WEUart" which will be trimmed. See Section 5 of the Map Report
   File for details about why the input signal will become undriven.
ERROR:MapLib:979 - LUT5 symbol "callDebugUnit/callUartTx/_n0130_inv1" (output
   signal=callDebugUnit/callUartTx/_n0130_inv) has input signal
   "callDebugUnit/WEUart" which will be trimmed. See Section 5 of the Map Report
   File for details about why the input signal will become undriven.
ERROR:MapLib:978 - LUT3 symbol "callDebugUnit/callUartTx/Mmux_b_next11" (output
   signal=callDebugUnit/callUartTx/b_next<0>) has an equation that uses input
   pin I1, which no longer has a connected signal. Please ensure that all the
   pins used in the equation for this LUT have signals that are not trimmed (see
   Section 5 of the Map Report File for details on which signals were trimmed).
ERROR:MapLib:978 - LUT3 symbol "callDebugUnit/callUartTx/Mmux_b_next21" (output
   signal=callDebugUnit/callUartTx/b_next<1>) has an equation that uses input
   pin I1, which no longer has a connected signal. Please ensure that all the
   pins used in the equation for this LUT have signals that are not trimmed (see
   Section 5 of the Map Report File for details on which signals were trimmed).
ERROR:MapLib:978 - LUT3 symbol "callDebugUnit/callUartTx/Mmux_b_next31" (output
   signal=callDebugUnit/callUartTx/b_next<2>) has an equation that uses input
   pin I1, which no longer has a connected signal. Please ensure that all the
   pins used in the equation for this LUT have signals that are not trimmed (see
   Section 5 of the Map Report File for details on which signals were trimmed).
ERROR:MapLib:978 - LUT3 symbol "callDebugUnit/callUartTx/Mmux_b_next41" (output
   signal=callDebugUnit/callUartTx/b_next<3>) has an equation that uses input
   pin I1, which no longer has a connected signal. Please ensure that all the
   pins used in the equation for this LUT have signals that are not trimmed (see
   Section 5 of the Map Report File for details on which signals were trimmed).
ERROR:MapLib:978 - LUT3 symbol "callDebugUnit/callUartTx/Mmux_b_next51" (output
   signal=callDebugUnit/callUartTx/b_next<4>) has an equation that uses input
   pin I1, which no longer has a connected signal. Please ensure that all the
   pins used in the equation for this LUT have signals that are not trimmed (see
   Section 5 of the Map Report File for details on which signals were trimmed).
ERROR:MapLib:978 - LUT3 symbol "callDebugUnit/callUartTx/Mmux_b_next61" (output
   signal=callDebugUnit/callUartTx/b_next<5>) has an equation that uses input
   pin I1, which no longer has a connected signal. Please ensure that all the
   pins used in the equation for this LUT have signals that are not trimmed (see
   Section 5 of the Map Report File for details on which signals were trimmed).
ERROR:MapLib:978 - LUT3 symbol "callDebugUnit/callUartTx/Mmux_b_next71" (output
   signal=callDebugUnit/callUartTx/b_next<6>) has an equation that uses input
   pin I1, which no longer has a connected signal. Please ensure that all the
   pins used in the equation for this LUT have signals that are not trimmed (see
   Section 5 of the Map Report File for details on which signals were trimmed).
ERROR:MapLib:978 - LUT2 symbol "callDebugUnit/callUartTx/Mmux_b_next81" (output
   signal=callDebugUnit/callUartTx/b_next<7>) has an equation that uses input
   pin I1, which no longer has a connected signal. Please ensure that all the
   pins used in the equation for this LUT have signals that are not trimmed (see
   Section 5 of the Map Report File for details on which signals were trimmed).
ERROR:MapLib:978 - LUT6 symbol "callDebugUnit/callUartTx/Mmux_s_next11" (output
   signal=callDebugUnit/callUartTx/s_next<0>) has an equation that uses input
   pin I4, which no longer has a connected signal. Please ensure that all the
   pins used in the equation for this LUT have signals that are not trimmed (see
   Section 5 of the Map Report File for details on which signals were trimmed).
ERROR:MapLib:978 - LUT5 symbol "callDebugUnit/callUartTx/Mmux_s_next111" (output
   signal=callDebugUnit/callUartTx/Mmux_s_next11) has an equation that uses
   input pin I3, which no longer has a connected signal. Please ensure that all
   the pins used in the equation for this LUT have signals that are not trimmed
   (see Section 5 of the Map Report File for details on which signals were
   trimmed).
ERROR:MapLib:978 - LUT6 symbol "callDebugUnit/callUartTx/Mmux_state_next11"
   (output signal=callDebugUnit/callUartTx/state_next<0>) has an equation that
   uses input pin I5, which no longer has a connected signal. Please ensure that
   all the pins used in the equation for this LUT have signals that are not
   trimmed (see Section 5 of the Map Report File for details on which signals
   were trimmed).
ERROR:MapLib:978 - LUT5 symbol "callDebugUnit/callUartTx/_n0130_inv1" (output
   signal=callDebugUnit/callUartTx/_n0130_inv) has an equation that uses input
   pin I4, which no longer has a connected signal. Please ensure that all the
   pins used in the equation for this LUT have signals that are not trimmed (see
   Section 5 of the Map Report File for details on which signals were trimmed).

Error found in mapping process, exiting...
Errors found during the mapping phase.  Please see map report file for more
details.  Output files will not be written.

Design Summary
--------------
Number of errors   :  24
Number of warnings :   0
