#-----------------------------------------------------------
# PlanAhead v14.7
# Build 321239 by xbuild on Fri Sep 27 19:31:35 MDT 2013
# Start of session at: Fri Jan 16 15:25:18 2015
# Process ID: 4240
# Log file: D:/Facu/Arquitectura de Computadoras/pipeline/planAhead_run_1/planAhead.log
# Journal file: D:/Facu/Arquitectura de Computadoras/pipeline/planAhead_run_1/planAhead.jou
#-----------------------------------------------------------
start_gui
source {D:/Facu/Arquitectura de Computadoras/pipeline/pa.fromNetlist.tcl}
startgroup
set_property package_pin U16 [get_ports {outPc[0]}]
endgroup
startgroup
set_property package_pin V16 [get_ports {outPc[1]}]
endgroup
startgroup
set_property package_pin U15 [get_ports {outPc[2]}]
endgroup
set_property is_loc_fixed false [get_ports [list  {outPc[2]}]]
set_property is_loc_fixed true [get_ports [list  {outPc[2]}]]
set_property is_loc_fixed false [get_ports [list  {outPc[2]}]]
set_property is_loc_fixed true [get_ports [list  {outPc[2]}]]
startgroup
set_property package_pin L15 [get_ports clk]
endgroup
set_property is_loc_fixed false [get_ports [list  clk]]
set_property is_loc_fixed true [get_ports [list  clk]]
save_constraints
